Unmapped Part Numbers Report
Generated on: 2025-05-02 14:35:37

Total Parts: 3746
Mapped Parts: 2785
Unmapped Parts: 961

Unique Unmapped Part Numbers:
============================================================================================================================================
Part Number	Description	Job Number	Operation	Op Description	Quantity
--------------------------------------------------------------------------------------------------------------------------------------------
EFO01046-ES18998	STAGE CABLE, MPS SERIES, DC MOTOR, LENGTH 15DM	516054	20	CMPv2 Stage Wiring	10
GTS - Warranty Return	MCA56089 SN 0618AG GTSE-43522 (Mechanical)	501591	10	CMPv2 Crossed-Roller Linear	2
BLM-142-A-AC-H-S-750	FORCER, BLM-142-A-AC, HALLS, STD PREP, 750MM CABLES	511535	10	CMPv2 Crossed-Roller Linear	21
MCA25351	CYLINDER AIR, 15.9MM BORE, 100MM STRK, <AIRPEL#MP16S100NV>	497694	10	CMPv2 Crossed-Roller Linear	11
MFB02122	BRACKET, ATOM READHEAD ADRS-150	510679	10	CMPv2 Crossed-Roller Linear	26
EFO01094-01	Assy: AGV Motor Cable Prepped	500980	10	CMPv2 Crossed-Roller Linear	147
MCA56089	Cylinder, Airpel Plus, 9.3mm Bore, Stroke: 160mm, Airpot #MP9S160.0NF	491536	30	CMPv2 Crossed-Roller Linear	2
MCA58752	Cylinder Air, 15.9 mm Bore, 300 mm Stroke <Airpel Part# MP16S300.0NV>	496450	30	CMPv2 Crossed-Roller Linear	5
MCA56089	Cylinder, Airpel Plus, 9.3mm Bore, Stroke: 160mm, Airpot #MP9S160.0NF	493090	30	CMPv2 Crossed-Roller Linear	8
MAL02271-12	10MM X MIRROR & MOUNT, OPTOSIC MIRROR, 257-H COATING, 5MM MOUNT	497022	10	CMPv2 Galvo Systems	1
GTS - Warranty Return	AGV20HPO-2-355-ES19412 SN 454563-03 GTSE-42543 (Mechanical)	498753	20	CMP-Galvo Systems	1
MAL02276-07	20MM Y MIRROR & MOUNT, OPTOSIC MIRROR, 355-D COATING, 5MM MOUNT	497089	10	CMPv2 Galvo Systems	2
MAL02274-05	15MM Y MIRROR & MOUNT, OPTOSIC MIRROR, 343-D COATING, OPTIMIZED FOR AOI 27.5°-47.5°, 5MM MOUNT	497084	10	CMPv2 Galvo Systems	5
GTS - Non-Warranty Return	AGV20XPO-343-E2-ES19805 SN 373972-01 GTSE-44912 (Mechanical)	513051	20	CMP-Galvo Systems	1
MFB32861-01	Galvo 1, 1030nm, AGV5D	491847	10	CMPv2 Galvo Systems	1
MAL02275-04	20MM X MIRROR & MOUNT, OPTOSIC MIRROR, 343-D COATING, OPTIMIZED FOR AOI 35°-55°, 5MM MOUNT	497086	10	CMPv2 Galvo Systems	1
MAL02271-03	10MM X MIRROR & MOUNT, OPTOSIC MIRROR, 355-D COATING, 5MM MOUNT	497019	10	CMPv2 Galvo Systems	10
MAL02287-14	30MM X MIRROR & MOUNT, OPTOSIC MIRROR, 1080-H COATING, 7MM MOUNT	497094	10	CMPv2 Galvo Systems	10
MFR02050	ROTOR ASSY, 48MM GALVO MOTOR	520821	10	CMP-Galvo Systems	72
ES20040-1	High-dynamic laser scan head-ES20040 9.3 um coated mirrors	490060	10	CMPv2 Galvo Systems	1
GTS - Non-Warranty Return	AGV10HPO SN 280572-05 GTSE-41160 (Mechanical)	493539	20	CMP-Galvo Systems	1
MAL02275-07	20MM X MIRROR & MOUNT, OPTOSIC MIRROR, 355-D COATING, 5MM MOUNT	497087	10	CMPv2 Galvo Systems	3
MAL02276-08	20MM Y MIRROR & MOUNT, OPTOSIC MIRROR, ULTRAMAX CO2 (9300 nm and 10.6 um) COATING, 5MM MOUNT	497090	10	CMPv2 Galvo Systems	3
MAL02287-06	30MM X MIRROR & MOUNT, OPTOSIC MIRROR, 522-H COATING, 7MM MOUNT	497092	10	CMPv2 Galvo Systems	9
MAL02288-02	OBSOLETE - DO NOT ORDER. REPLACE WITH MAL02288-12 (30MM Y MIRROR AND MOUNT, OPTOSIC MIRROR, ULTRAMAX 10.6 UM COATING, 7MM MOUNT)	497096	10	CMPv2 Galvo Systems	8
MAL02288-14	30MM Y MIRROR & MOUNT, OPTOSIC MIRROR, 1080-H COATING, 7MM MOUNT	497099	10	CMPv2 Galvo Systems	10
MAL02288-06	30MM Y MIRROR & MOUNT, OPTOSIC MIRROR, 522-H COATING, 7MM MOUNT	497097	10	CMPv2 Galvo Systems	9
MAL02295-08	20MM X MIRROR, UNMOUNTED, OPTOSIC MIRROR, ULTRAMAX CO2 (9300 nm and 10.6 um) COATING	497100	10	CMPv2 Galvo Systems	1
MAL02273-01	15MM X MIRROR & MOUNT, OPTOSIC MIRROR, 1064-H COATING, 5MM MOUNT (FOR 1030NM APPLICATIONS ONLY)	497036	10	CMPv2 Galvo Systems	10
MAL02287-02	OBSOLETE - DO NOT ORDER. REPLACE WITH MAL02287-12 (30MM X MIRROR AND MOUNT, OPTOSIC MIRROR, ULTRAMAX 10.6 UM COATING, 7MM MOUNT)	497091	10	CMPv2 Galvo Systems	6
MAL02272-03	10MM Y MIRROR & MOUNT, OPTOSIC MIRROR, 355-D COATING, 5MM MOUNT	497032	10	CMPv2 Galvo Systems	10
MAL02273-03	15MM X MIRROR & MOUNT, OPTOSIC MIRROR, 522-H COATING, 5MM MOUNT	497038	10	CMPv2 Galvo Systems	1
GTS - Warranty Return	AGV20HPO-2-355-ES19412 SN 454577-02 GTSE-42543 (Mechanical)	498752	20	CMP-Galvo Systems	1
MAL02287-12	30MM X MIRROR & MOUNT, OPTOSIC MIRROR, ULTRAMAX CO2 (9300 nm and 10.6 um) COATING, 7MM MOUNT	497093	10	CMPv2 Galvo Systems	18
MFB32866-01	Galvo 2, 1030nm, AGV5D	491823	10	CMPv2 Galvo Systems	1
MAL02288-12	30MM Y MIRROR & MOUNT, OPTOSIC MIRROR, ULTRAMAX CO2 (9300 nm and 10.6 um) COATING, 7MM MOUNT	497098	10	CMPv2 Galvo Systems	6
MAL02275-03	20MM X MIRROR & MOUNT, OPTOSIC MIRROR, 522-H COATING, 5MM MOUNT	497085	10	CMPv2 Galvo Systems	7
GTS - Non-Warranty Return	AGV20XPO-343-E2-ES19805 SN 373969-02 GTSE-44912 (Mechanical)	513050	20	CMP-Galvo Systems	1
MFR02050	ROTOR ASSY, 48MM GALVO MOTOR	465929	50	CMP-Galvo Systems	16
MAL02272-12	10MM Y MIRROR & MOUNT, OPTOSIC MIRROR, 257-H COATING, 5MM MOUNT	497034	10	CMPv2 Galvo Systems	1
MAL02274-01	15MM Y MIRROR & MOUNT, OPTOSIC MIRROR, 1064-H COATING, 5MM MOUNT (FOR 1030NM APPLICATIONS ONLY)	497081	10	CMPv2 Galvo Systems	9
MAL02273-05	15MM X MIRROR & MOUNT, OPTOSIC MIRROR, 343-D COATING, OPTIMIZED FOR AOI 35°-55°, 5MM MOUNT	497080	10	CMPv2 Galvo Systems	5
MFR02050	ROTOR ASSY, 48MM GALVO MOTOR	484252	50	CMP-Galvo Systems	10
GTS - Warranty Return	AGV10XPO SN 466534-01 GTSE-46912 (Mechanical)	518259	20	CMP-Galvo Systems	1
MAL02276-03	20MM Y MIRROR & MOUNT, OPTOSIC MIRROR, 522-H COATING, 5MM MOUNT	497088	10	CMPv2 Galvo Systems	4
MCB01677	Bearing, Rotary, Angular Contact, English, 1X, 3.5 x 4 x 0.25, Open, ABEC 3, 30 Degrees, Pre-Greased - Kluberplex BEM 34-132 - 30%	500820	10	CMPv2 Rotary	3
MCB01715	Bearing, Rotary, Angular Contact, English, 1X, 9 x 10 x 0.5, Open, ABEC 3, 30 Degrees, Pre-Greased - Kluberplex BEM 34-132 - 30%	506201	10	CMPv2 Rotary	2
MCB01678	Bearing, Rotary, Angular Contact, English, 1X, 4 x 4.5 x 0.25, Open, ABEC 3, 30 Degrees, Pre-Greased - Kluberplex BEM 34-132 - 30%	499122	10	CMPv2 Rotary	22
MCB01667	Bearing, Rotary, Angular Contact, English, 1X, 3 x 3.5 x 0.25, Open, ABEC 3, 30 Degrees, Pre-Greased - Kluberplex BEM 34-132 - 30%	499120	10	CMPv2 Rotary	55
MCB01711	Bearing, Rotary, Angular Contact, English, 1X, 4.5 x 5.25 x 0.375, Open, ABEC 3, 30 Degrees, Pre-Greased - Kluberplex BEM 34-132 - 30%	503090	10	CMPv2 Rotary	1
MCB01715	Bearing, Rotary, Angular Contact, English, 1X, 9 x 10 x 0.5, Open, ABEC 3, 30 Degrees, Pre-Greased - Kluberplex BEM 34-132 - 30%	500947	10	CMPv2 Rotary	1
MCB01713	Bearing, Rotary, Angular Contact, English, 1X, 6.5 x 7.25 x 0.375, Open, ABEC 3, 30 Degrees, Pre-Greased - Kluberplex BEM 34-132 - 30%	503088	10	CMPv2 Rotary	1
MCB01711	Bearing, Rotary, Angular Contact, English, 1X, 4.5 x 5.25 x 0.375, Open, ABEC 3, 30 Degrees, Pre-Greased - Kluberplex BEM 34-132 - 30%	500938	10	CMPv2 Rotary	4
MCB01712	Bearing, Rotary, Angular Contact, English, 1X, 5 x 5.75 x 0.375, Open, ABEC 3, 30 Degrees, Pre-Greased - Kluberplex BEM 34-132 - 30%	500821	10	CMPv2 Rotary	7
MCB01713	Bearing, Rotary, Angular Contact, English, 1X, 6.5 x 7.25 x 0.375, Open, ABEC 3, 30 Degrees, Pre-Greased - Kluberplex BEM 34-132 - 30%	499126	10	CMPv2 Rotary	4
MCB01666	Bearing, Rotary, Angular Contact, English, 1X, 2.5 x 3 x 0.25, Open, ABEC 3, 30 Degrees, Pre-Greased - Kluberplex BEM 34-132 - 30%	499119	10	CMPv2 Rotary	55
MCB01714	Bearing, Rotary, Angular Contact, English, 1X, 7 x 7.75 x 0.375, Open, ABEC 3, 30 Degrees, Pre-Greased - Kluberplex BEM 34-132 - 30%	503089	10	CMPv2 Rotary	1
MCB01716	Bearing, Rotary, Angular Contact, English, 1X, 10 x 11 x 0.5, Open, ABEC 3, 30 Degrees, Pre-Greased - Kluberplex BEM 34-132 - 30%	499128	10	CMPv2 Rotary	5
MCB01714	Bearing, Rotary, Angular Contact, English, 1X, 7 x 7.75 x 0.375, Open, ABEC 3, 30 Degrees, Pre-Greased - Kluberplex BEM 34-132 - 30%	506197	10	CMPv2 Rotary	4
MCB01711	Bearing, Rotary, Angular Contact, English, 1X, 4.5 x 5.25 x 0.375, Open, ABEC 3, 30 Degrees, Pre-Greased - Kluberplex BEM 34-132 - 30%	506190	10	CMPv2 Rotary	2
MCB01713	Bearing, Rotary, Angular Contact, English, 1X, 6.5 x 7.25 x 0.375, Open, ABEC 3, 30 Degrees, Pre-Greased - Kluberplex BEM 34-132 - 30%	506196	10	CMPv2 Rotary	4
MCB01712	Bearing, Rotary, Angular Contact, English, 1X, 5 x 5.75 x 0.375, Open, ABEC 3, 30 Degrees, Pre-Greased - Kluberplex BEM 34-132 - 30%	506194	10	CMPv2 Rotary	3
MCB01711	Bearing, Rotary, Angular Contact, English, 1X, 4.5 x 5.25 x 0.375, Open, ABEC 3, 30 Degrees, Pre-Greased - Kluberplex BEM 34-132 - 30%	499123	10	CMPv2 Rotary	5
EFO01046-30	Stage Cable, MPS Series, DC Motor, Length = 30 dm	519657	30	CMPv2 Crossed-Roller Linear	3
MCA01954-2300	GLASS SCALE MTG 3/16 X 1 X 23	521277	10	CMPv2 Crossed-Roller Linear	1
EFO01046-30	Stage Cable, MPS Series, DC Motor, Length = 30 dm	521951	30	CMPv2 Crossed-Roller Linear	1
EFO01046-30	Stage Cable, MPS Series, DC Motor, Length = 30 dm	521225	30	CMPv2 Crossed-Roller Linear	2
EAM01454-01-01	LAMINATED SHIM, MATTE SILVER	515903	10	CMPv2 Direct-Drive Linear	2569
EAM01454-01-01	LAMINATED SHIM, MATTE SILVER	516214	10	CMPv2 Direct-Drive Linear	215
MFE04127	MOTOR AEROTECH 48MM GALVO, AGVXPO-E1	509405	10	CMPv2 Galvo Motors	1
MFE04104	MOTOR AEROTECH 48MM GALVO	503134	10	CMPv2 Galvo Motors	2
LSO01040-04	10MM Y GALVO MIRROR, 343NM DIELECTRIC COATED BERYLLIUM	516132	10	CMPv2 Galvo Systems	1
LSO01043-18	14MM X GALVO MIRROR, 257NM DIELECTRIC COATED BERYLLIUM	516134	10	CMPv2 Galvo Systems	1
LSO01043-19	14MM X GALVO MIRROR, 266NM DIELECTRIC COATED BERYLLIUM	516135	10	CMPv2 Galvo Systems	1
LSO01043-09	14MM X GALVO MIRROR, 1030NM/515NM DIELECTRIC COATED BERYLLIUM	516126	10	CMPv2 Galvo Systems	2
LSO01043-03	14MM X GALVO MIRROR, 515NM DIELECTRIC COATED BERYLLIUM	516124	10	CMPv2 Galvo Systems	3
MFR02050	ROTOR ASSY, 48MM GALVO MOTOR	522391	10	CMPv2 Galvo Systems	22
LSO01044-18	14MM Y GALVO MIRROR, 257NM DIELETRIC COATED BERYLLIUM	516136	10	CMPv2 Galvo Systems	1
LSO01047-03	20MM X GALVO MIRROR, 515NM DIELECTRIC COATED BERYLLIUM	516120	10	CMPv2 Galvo Systems	4
LSO01173-ES19888	Flat Mirror, 2" OD x 1/8" Thick, L/4 Flatness, Protected Gold Coating, Inspected for ES19888-0X	520204	10	CMPv2 Galvo Systems	15
LSO01043-02	14MM X GALVO MIRROR, 1030NM DIELECTRIC COATED BERYLLIUM	516119	10	CMPv2 Galvo Systems	4
LSO01043-17	14MM X GALVO MIRROR, 257NM DIELECTRIC COATED BERYLLIUM	516133	10	CMPv2 Galvo Systems	1
LSO01039-02	10MM X GALVO MIRROR, 1030NM DIELECTRIC COATED BERYLLIUM	516122	10	CMPv2 Galvo Systems	3
LSO01040-02	10MM Y GALVO MIRROR, 1030NM DIELECTRIC COATED BERYLLIUM	516123	10	CMPv2 Galvo Systems	3
LSO01070-02	14MM LH-Y GALVO MIRROR, 1030NM DIELECTRIC COATED BERYLLIUM	516130	10	CMPv2 Galvo Systems	2
LSO01044-03	14MM Y GALVO MIRROR, 515NM DIELECTRIC COATED BERYLLIUM	516125	10	CMPv2 Galvo Systems	3
LSO01048-03	20MM Y GALVO MIRROR, 515NM DIELECTRIC COATED BERYLLIUM	516121	10	CMPv2 Galvo Systems	4
LSO01070-17	14MM LH-Y GALVO MIRROR, 257NM DIELECTRIC COATED BERYLLIUM	516137	10	CMPv2 Galvo Systems	1
MFB18021-03	BASE, ANT180L-260 GEN II, BLACK ANODIZE	486292	90	CMPv2 Laser Mark IFOV	1
MFB18021-04	BASE, ANT180L-360 GEN II, BLACK ANODIZE	510004	30	CMPv2 Laser Mark IFOV	1
MFR00130	TABLETOP, ANT95-R, BLACK HARDCOAT	501588	20	CMPv2 Laser Mark IFOV	12
MFB18021-04	BASE, ANT180L-360 GEN II, BLACK ANODIZE	510007	10	CMPv2 Laser Mark IFOV	3
MFB32502-04	BASE LASERMARK, ANT130L-160	509378	60	CMPv2 Laser Mark IFOV	1
MFB32914-01	Carriage Counterbalance Bracket, Black Anodize w/ LaserMark, ANT95LZS-100 (Gen-II)	496324	40	CMPv2 Laser Mark IFOV	1
AMF00720-07	Metrology Laser Stage Z- Base	509925	50	CMPv2 Laser Mark IFOV	5
MFB02674-01	CARRIAGE, PRO165LM, BLACK HARDCOAT	494994	60	CMPv2 Laser Mark IFOV	1
MCA05834-01	Cover, SS, MPS75SL, Black Paint	513770	10	CMPv2 Laser Mark IFOV	14
MFB18001-03	Obsolete, Use MFB18021-XX (BASE, ANT180-260-L, BLACK ANODIZE)	512966	40	CMPv2 Laser Mark IFOV	2
AerotechPart	69945K418 Lasermarking	517085	10	CMPv2 Laser Mark IFOV	2
MFB18001-03	Obsolete, Use MFB18021-XX (BASE, ANT180-260-L, BLACK ANODIZE)	502280	40	CMPv2 Laser Mark IFOV	1
MFB18001-03	Obsolete, Use MFB18021-XX (BASE, ANT180-260-L, BLACK ANODIZE)	502291	10	CMPv2 Laser Mark IFOV	5
MFR01572	ENCODER COVER, ARMS260	478301	50	CMPv2 Laser Mark IFOV	1
MFR01572	ENCODER COVER, ARMS260	506514	10	CMPv2 Laser Mark IFOV	2
MFB32438	STANDARD ENDCAP, LASERTURN2	492052	40	CMPv2 Laser Mark IFOV	1
AerotechPart	MFG Fixture LSRmark	491638	10	CMPv2 Laser Mark IFOV	1
MFB32817	Connector Plate, Fluid Fittings, AGV5D	494796	90	CMPv2 Laser Mark IFOV	1
EFO01046-ES18998	STAGE CABLE, MPS SERIES, DC MOTOR, LENGTH 15DM	516060	20	CMPv2 Stage Wiring	10
EFO01046-ES20058	STAGE CABLE, MPS SERIES, DC MOTOR, LENGTH = 5dm	515086	20	CMPv2 Stage Wiring	3
EFO01046-ES18998	STAGE CABLE, MPS SERIES, DC MOTOR, LENGTH 15DM	516058	20	CMPv2 Stage Wiring	10
CE196842-20	CABLE: BL FB-25D-18LEMO-HF65-20DM	498135	10	CMPv2 Stage Wiring	2
CE196841-20	CABLE: BL MTR-FLB-4LEMO-HF82-20DM	498136	10	CMPv2 Stage Wiring	2
MFB32942-01	Cylinder Arm, Black Anodize w/ LaserMark, ANT95LZ-050 (Gen-II)	512728	50	CMPv2 Laser Mark IFOV	2
MFB32886-ES20094	Base, Black Anodize w/ LaserMark, ANT95L-075 (Gen-II), Custom Mounting	510821	50	CMPv2 Laser Mark IFOV	2
EFZ01755-01-01	XSP3-10 LABEL SILVER BRUSHED PLASTIC	505961	10	CMPv2 Laser Mark IFOV	93
EFZ01755-01-01	XSP3-10 LABEL SILVER BRUSHED PLASTIC	518447	10	CMPv2 Laser Mark IFOV	50
EFZ01755-01-01	XSP3-10 LABEL SILVER BRUSHED PLASTIC	495464	10	CMPv2 Laser Mark IFOV	36
EFZ01755-01-01	XSP3-10 LABEL SILVER BRUSHED PLASTIC	502177	10	CMPv2 Laser Mark IFOV	26
EFZ01755-01-01	XSP3-10 LABEL SILVER BRUSHED PLASTIC	503532	10	CMPv2 Laser Mark IFOV	54
EFZ01755-01-01	XSP3-10 LABEL SILVER BRUSHED PLASTIC	512800	10	CMPv2 Laser Mark IFOV	38
EFZ01755-01-01	XSP3-10 LABEL SILVER BRUSHED PLASTIC	512998	10	CMPv2 Laser Mark IFOV	24
EFZ01755-01-01	XSP3-10 LABEL SILVER BRUSHED PLASTIC	510090	10	CMPv2 Laser Mark IFOV	20
EFZ01755-01-01	XSP3-10 LABEL SILVER BRUSHED PLASTIC	515720	10	CMPv2 Laser Mark IFOV	56
EFZ01755-01-01	XSP3-10 LABEL SILVER BRUSHED PLASTIC	500085	10	CMPv2 Laser Mark IFOV	30
MFB32500-03	Base Assy, ANT95L-075, Lasermarked	466595	10	CMPv2 Laser Mark IFOV	1
ES19888-01	2" Fast Steering Mirror Assembly, Gen1	477436	40	CMPv2 Galvo Systems	8
MFB05158-08	Mirror Mount Assembly, AGV-HPO, 10mm X Mirror, Silicon Slab, 1030nm/515nm/343nm Dielectric Coated	520030	10	CMPv2 Galvo Systems	1
MFR02050	ROTOR ASSY, 48MM GALVO MOTOR	492655	10	CMP-Galvo Systems	37
ES19888-01	2" Fast Steering Mirror Assembly, Gen1	477432	30	CMPv2 Galvo Systems	12
20101-05	AGV-CPO ROTOR ASSEMBLY PROTOTYPE, 2 MM CROSS-DRILLED PIN	515928	10	CMP-Galvo Systems	10
MFB05162-08	Mirror Mount Assembly, AGV-HPO, 14mm Y Mirror, Silicon Slab, 1030nm/515nm/343nm Dielectric Coated	499022	10	CMPv2 Galvo Systems	1
MFB05162-08	Mirror Mount Assembly, AGV-HPO, 14mm Y Mirror, Silicon Slab, 1030nm/515nm/343nm Dielectric Coated	515933	10	CMPv2 Galvo Systems	1
LSO01173-ES19888	Flat Mirror, 2" OD x 1/8" Thick, L/4 Flatness, Protected Gold Coating, Inspected for ES19888-0X	488056	10	CMPv2 Galvo Systems	25
MFB05161-08-ES19535	Mirror Mount Assembly, AGV-HPO, 14mm X Mirror, Silicon Slab (Customer-owned), 1030nm/515nm/343nm Dielectric Coated	513792	10	CMPv2 Galvo Systems	1
MFB05159-08	Mirror Mount Assembly, AGV-HPO, 10mm Y Mirror, Silicon Slab, 1030nm/515nm/343nm Dielectric Coated	518522	10	CMPv2 Galvo Systems	1
MFR02050	ROTOR ASSY, 48MM GALVO MOTOR	491165	10	CMP-Galvo Systems	40
MFR02050	ROTOR ASSY, 48MM GALVO MOTOR	513910	10	CMP-Galvo Systems	5
MFR02060	ROTOR ASSY, 55MM GALVO MOTOR	491829	10	CMP-Galvo Systems	1
MFB05164-08	Mirror Mount Assembly, AGV-HPO, 20mm Y Mirror, Silicon Slab, 1030nm/515nm/343nm Dielectric Coated	515935	10	CMPv2 Galvo Systems	1
MFR02050	ROTOR ASSY, 48MM GALVO MOTOR	484252	10	CMP-Galvo Systems	10
LSO01173-ES19888	Flat Mirror, 2" OD x 1/8" Thick, L/4 Flatness, Protected Gold Coating, Inspected for ES19888-0X	497755	10	CMPv2 Galvo Systems	15
MFR02050	ROTOR ASSY, 48MM GALVO MOTOR	513909	10	CMP-Galvo Systems	5
MFB05158-08	Mirror Mount Assembly, AGV-HPO, 10mm X Mirror, Silicon Slab, 1030nm/515nm/343nm Dielectric Coated	518521	10	CMPv2 Galvo Systems	1
MFR02050	ROTOR ASSY, 48MM GALVO MOTOR	465929	10	CMP-Galvo Systems	16
MFR02050	ROTOR ASSY, 48MM GALVO MOTOR	512168	10	CMP-Galvo Systems	39
MFB05161-08	Mirror Mount Assembly, AGV-HPO, 14mm X Mirror, Silicon Slab, 1030nm/515nm/343nm Dielectric Coated	515932	10	CMPv2 Galvo Systems	1
ES19888-01	2" Fast Steering Mirror Assembly, Gen1	477438	30	CMPv2 Galvo Systems	10
MFR02050	ROTOR ASSY, 48MM GALVO MOTOR	495677	10	CMP-Galvo Systems	40
MFB05163-08	Mirror Mount Assembly, AGV-HPO, 20mm X Mirror, Silicon Slab, 1030nm/515nm/343nm Dielectric Coated	515934	10	CMPv2 Galvo Systems	1
MFB05159-08	Mirror Mount Assembly, AGV-HPO, 10mm Y Mirror, Silicon Slab, 1030nm/515nm/343nm Dielectric Coated	520031	10	CMPv2 Galvo Systems	1
LSO01173-ES19888	Flat Mirror, 2" OD x 1/8" Thick, L/4 Flatness, Protected Gold Coating, Inspected for ES19888-0X	487204	10	CMPv2 Galvo Systems	30
MFB05158-08	Mirror Mount Assembly, AGV-HPO, 10mm X Mirror, Silicon Slab, 1030nm/515nm/343nm Dielectric Coated	495941	10	CMPv2 Galvo Systems	2
MFB05161-08	Mirror Mount Assembly, AGV-HPO, 14mm X Mirror, Silicon Slab, 1030nm/515nm/343nm Dielectric Coated	489352	10	CMPv2 Galvo Systems	1
MFB05159-08	Mirror Mount Assembly, AGV-HPO, 10mm Y Mirror, Silicon Slab, 1030nm/515nm/343nm Dielectric Coated	498657	10	CMPv2 Galvo Systems	1
ES19888-01	2" Fast Steering Mirror Assembly, Gen1	477436	30	CMPv2 Galvo Systems	8
MFR02050	ROTOR ASSY, 48MM GALVO MOTOR	491841	10	CMP-Galvo Systems	41
MFB32874-02-ES18795	Y Galvo Mirror Mount Assembly for AGV14HPO With W11 Mirrors	511259	10	CMP-Galvo Systems	1
MFB32874-01-ES18795	X Galvo Mirror Mount Assembly for AGV14HPO With W11 Mirrors	511286	10	CMP-Galvo Systems	1
MFB05162-08-ES19535	Mirror Mount Assembly, AGV-HPO, 14mm Y Mirror, Silicon Slab (Customer-owned), 1030nm/515nm/343nm Dielectric Coated	513793	10	CMPv2 Galvo Systems	1
MFB05161-08	Mirror Mount Assembly, AGV-HPO, 14mm X Mirror, Silicon Slab, 1030nm/515nm/343nm Dielectric Coated	501383	10	CMPv2 Galvo Systems	1
MFB05162-08	Mirror Mount Assembly, AGV-HPO, 14mm Y Mirror, Silicon Slab, 1030nm/515nm/343nm Dielectric Coated	516984	10	CMPv2 Galvo Systems	1
MFB05162-08	Mirror Mount Assembly, AGV-HPO, 14mm Y Mirror, Silicon Slab, 1030nm/515nm/343nm Dielectric Coated	501384	10	CMPv2 Galvo Systems	1
MFB05161-08	Mirror Mount Assembly, AGV-HPO, 14mm X Mirror, Silicon Slab, 1030nm/515nm/343nm Dielectric Coated	499027	10	CMPv2 Galvo Systems	1
ES19888-01	2" Fast Steering Mirror Assembly, Gen1	477438	40	CMPv2 Galvo Systems	10
MFR02050	ROTOR ASSY, 48MM GALVO MOTOR	513911	10	CMP-Galvo Systems	5
MFB05159-08	Mirror Mount Assembly, AGV-HPO, 10mm Y Mirror, Silicon Slab, 1030nm/515nm/343nm Dielectric Coated	515931	10	CMPv2 Galvo Systems	1
MFB05161-08	Mirror Mount Assembly, AGV-HPO, 14mm X Mirror, Silicon Slab, 1030nm/515nm/343nm Dielectric Coated	516983	10	CMPv2 Galvo Systems	1
MFB05162-08	Mirror Mount Assembly, AGV-HPO, 14mm Y Mirror, Silicon Slab, 1030nm/515nm/343nm Dielectric Coated	489354	10	CMPv2 Galvo Systems	1
MFB05158-08	Mirror Mount Assembly, AGV-HPO, 10mm X Mirror, Silicon Slab, 1030nm/515nm/343nm Dielectric Coated	515930	10	CMPv2 Galvo Systems	1
MFE04104	MOTOR AEROTECH 48MM GALVO	515786	10	CMPv2 Galvo Motors	10
MFE04127	MOTOR AEROTECH 48MM GALVO, AGVXPO-E1	481413	10	CMPv2 Galvo Motors	10
MFE04104	MOTOR AEROTECH 48MM GALVO	514647	10	CMPv2 Galvo Motors	10
MFE04127	MOTOR AEROTECH 48MM GALVO, AGVXPO-E1	481409	10	CMPv2 Galvo Motors	10
MFE04104	MOTOR AEROTECH 48MM GALVO	492647	10	CMPv2 Galvo Motors	10
MFE04104	MOTOR AEROTECH 48MM GALVO	493417	10	CMPv2 Galvo Motors	10
MFE04104	MOTOR AEROTECH 48MM GALVO	495658	10	CMPv2 Galvo Motors	10
MFE04104	MOTOR AEROTECH 48MM GALVO	481081	10	CMPv2 Galvo Motors	10
MFE04127	MOTOR AEROTECH 48MM GALVO, AGVXPO-E1	474832	10	CMPv2 Galvo Motors	10
MFE04104	MOTOR AEROTECH 48MM GALVO	492649	10	CMPv2 Galvo Motors	10
MFE04104	MOTOR AEROTECH 48MM GALVO	491021	10	CMPv2 Galvo Motors	10
MFE04104	MOTOR AEROTECH 48MM GALVO	484062	10	CMPv2 Galvo Motors	10
MFE04104	MOTOR AEROTECH 48MM GALVO	492149	10	CMPv2 Galvo Motors	10
20031-05	48mm Galvo Motor, No Encoder	501577	10	CMPv2 Galvo Motors	1
MFE04104	MOTOR AEROTECH 48MM GALVO	520203	10	CMPv2 Galvo Motors	10
MFE04104	MOTOR AEROTECH 48MM GALVO	510976	10	CMPv2 Galvo Motors	10
MFE04104	MOTOR AEROTECH 48MM GALVO	483873	10	CMPv2 Galvo Motors	10
MFE04127	MOTOR AEROTECH 48MM GALVO, AGVXPO-E1	481421	10	CMPv2 Galvo Motors	10
MFE04127	MOTOR AEROTECH 48MM GALVO, AGVXPO-E1	481405	10	CMPv2 Galvo Motors	10
MFE04104	MOTOR AEROTECH 48MM GALVO	486068	10	CMPv2 Galvo Motors	10
MFE04104	MOTOR AEROTECH 48MM GALVO	522577	10	CMPv2 Galvo Motors	10
MFE04104	MOTOR AEROTECH 48MM GALVO	492651	10	CMPv2 Galvo Motors	10
20031-05	48mm Galvo Motor, No Encoder	501298	10	CMPv2 Galvo Motors	1
MFE04104	MOTOR AEROTECH 48MM GALVO	492652	10	CMPv2 Galvo Motors	10
MFE04104	MOTOR AEROTECH 48MM GALVO	512132	10	CMPv2 Galvo Motors	10
MFF00001	Laser Marked SS Label, 55 mm x 12 mm, Logo	485604	10	CMPv2 Laser Mark IFOV	1
EFZ01755-01-07	XSL3-10 LABEL SILVER BRUSHED PLASTIC	509390	10	CMPv2 Laser Mark IFOV	30
MFB03553-01-ES18837	CARRIAGE, PRO165LM, CUSTOM TRAVEL, BHC	508267	40	CMPv2 Laser Mark IFOV	16
MFB32922-04-01	Base, Black Anodize w/ LaserMark, ANT130L/XY-160 (Gen-II)	498533	50	CMPv2 Laser Mark IFOV	4
MFB28031	Logo Plate, Laserturn1, Black Anodize, Lasermarked	510977	10	CMPv2 Laser Mark IFOV	1
MFR00345-1	TOP COVER, ALAR-100-UT LASERMARKED	514128	10	CMPv2 Laser Mark IFOV	2
MFB03751-01	FRONT END PLATE MOD, PRO280LM-1000, ANGLED HC MTG, BAN	513496	30	CMPv2 Laser Mark IFOV	1
MFB03563-01	CARRIAGE, PRO165SL, K100-S, BLACK HARDCOAT	517269	55	CMPv2 Laser Mark IFOV	30
EFZ01755-01-02	XSP3-20 LABEL SILVER BRUSHED PLASTIC	513375	10	CMPv2 Laser Mark IFOV	26
MFB03770-01	CARRIAGE, PRO165LM, NO BELTS, BLACK HARDCOAT	503161	50	CMPv2 Laser Mark IFOV	20
MFB03637-01	CARRIAGE, PRO190LM, BLACK HARDCOAT	513867	50	CMPv2 Laser Mark IFOV	4
MFF00001	Laser Marked SS Label, 55 mm x 12 mm, Logo	485615	10	CMPv2 Laser Mark IFOV	1
MFB32771-01	LOGO PLATE, AGV10 HPO	492640	10	CMPv2 Laser Mark IFOV	31
MFB04100-01	Laser Marked Cover, MPS75SL, Black Paint	504649	10	CMPv2 Laser Mark IFOV	21
MFF00001	Laser Marked SS Label, 55 mm x 12 mm, Logo	505195	10	CMPv2 Laser Mark IFOV	1
MFB02447	END PLATE, ABL1500	498075	40	CMPv2 Laser Mark IFOV	24
MFB32914-01	Carriage Counterbalance Bracket, Black Anodize w/ LaserMark, ANT95LZS-100 (Gen-II)	496177	50	CMPv2 Laser Mark IFOV	8
MFR01895-01-01	TOP COVER, MOTOR SIDE, AGR100, BLACK HARDCOAT	502150	50	CMPv2 Laser Mark IFOV	2
MFB28003	FRONT END COVER, LASERTURN1 - LINEAR, LASERMARKED	511026	50	CMPv2 Laser Mark IFOV	1
MFR24818-11	COVER, TOP, APR150	497251	10	CMPv2 Laser Mark IFOV	6
MFF00001	Laser Marked SS Label, 55 mm x 12 mm, Logo	485605	10	CMPv2 Laser Mark IFOV	1
MFB03502-01	LASER MARKED COVER PLATE, MID CARR, PLANAR DLA-150XY, BAN	506088	10	CMPv2 Laser Mark IFOV	6
EFZ01755-01-02	XSP3-20 LABEL SILVER BRUSHED PLASTIC	502804	10	CMPv2 Laser Mark IFOV	20
MFB03523-01	LASER MARKED COVER PLATE, MID CARR, PLANAR DLA-330XY, BAN	489738	10	CMPv2 Laser Mark IFOV	6
MFR01973-01	WORM COVER, AGR50/75, BLACK ANODIZED	500677	30	CMPv2 Laser Mark IFOV	15
MFB03637-01	CARRIAGE, PRO190LM, BLACK HARDCOAT	494611	50	CMPv2 Laser Mark IFOV	8
MFR01895-01-01	TOP COVER, MOTOR SIDE, AGR100, BLACK HARDCOAT	495132	50	CMPv2 Laser Mark IFOV	2
MFR01895-01-01	TOP COVER, MOTOR SIDE, AGR100, BLACK HARDCOAT	498180	50	CMPv2 Laser Mark IFOV	2
MFB03770-01	CARRIAGE, PRO165LM, NO BELTS, BLACK HARDCOAT	502130	50	CMPv2 Laser Mark IFOV	20
MFF00001	Laser Marked SS Label, 55 mm x 12 mm, Logo	485606	10	CMPv2 Laser Mark IFOV	1
MFF00001	Laser Marked SS Label, 55 mm x 12 mm, Logo	488549	10	CMPv2 Laser Mark IFOV	1
MFB32817	Connector Plate, Fluid Fittings, AGV5D	494796	50	CMPv2 Laser Mark IFOV	1
MFR01895-01-01	TOP COVER, MOTOR SIDE, AGR100, BLACK HARDCOAT	507626	50	CMPv2 Laser Mark IFOV	2
AMF03115-02	MFG-1205, Special Inertia Test Fixture, Base Plate	514224	40	CMPv2 Laser Mark IFOV	1
MFB28002	BACK END COVER, LASERTURN1 - LINEAR, LASERMARKED	510974	50	CMPv2 Laser Mark IFOV	1
MFF00001	Laser Marked SS Label, 55 mm x 12 mm, Logo	510038	10	CMPv2 Laser Mark IFOV	2
MFF00001	Laser Marked SS Label, 55 mm x 12 mm, Logo	514391	10	CMPv2 Laser Mark IFOV	1
MFB03941-03-01	Base, ATX115SL-150, K100-S, Black Anodized	500126	50	CMPv2 Laser Mark IFOV	2
EFZ01755-01-02	XSP3-20 LABEL SILVER BRUSHED PLASTIC	513372	10	CMPv2 Laser Mark IFOV	20
MFF00001	Laser Marked SS Label, 55 mm x 12 mm, Logo	490609	10	CMPv2 Laser Mark IFOV	1
MFF00001	Laser Marked SS Label, 55 mm x 12 mm, Logo	507339	10	CMPv2 Laser Mark IFOV	1
MFR01628	REFERENCE SCALE, ABRT-150	497252	60	CMPv2 Laser Mark IFOV	1
MFF00001	Laser Marked SS Label, 55 mm x 12 mm, Logo	517555	10	CMPv2 Laser Mark IFOV	1
EFZ01755-01-08	QSL3e-500 LABEL SILVER BRUSHED PLASTIC	518448	10	CMPv2 Laser Mark IFOV	20
MFF00001	Laser Marked SS Label, 55 mm x 12 mm, Logo	510041	10	CMPv2 Laser Mark IFOV	2
MFB03279-01	TOP COVER, PLANAR DL-200XY, SS, LASERMARK	506290	30	CMPv2 Laser Mark IFOV	5
MFB03580-01	CARRIAGE, PRO225LM, K100-S, (NEW DESIGN), BLACK HARDCOAT	500205	50	CMPv2 Laser Mark IFOV	4
MFB28003	FRONT END COVER, LASERTURN1 - LINEAR, LASERMARKED	500377	50	CMPv2 Laser Mark IFOV	1
EFZ01755-01-07	XSL3-10 LABEL SILVER BRUSHED PLASTIC	489281	10	CMPv2 Laser Mark IFOV	50
MFR24818-31	COVER, TOP, APR260	516001	40	CMPv2 Laser Mark IFOV	6
MFF00001	Laser Marked SS Label, 55 mm x 12 mm, Logo	507165	10	CMPv2 Laser Mark IFOV	1
MFR01974-01	WORM COVER, AGR100/150, BLACK ANODIZED	502160	30	CMPv2 Laser Mark IFOV	13
MFB03637-ES18574	Carriage, PRO190LM, No Belts, Black Hardcoat	493185	50	CMPv2 Laser Mark IFOV	1
MFR01893-01-01	TOP COVER, MOTOR SIDE, AGR50, BLACK HARDCOAT	498095	50	CMPv2 Laser Mark IFOV	12
EFZ01755-01-03	XSP3-30 LABEL SILVER BRUSHED PLASTIC	510525	10	CMPv2 Laser Mark IFOV	20
MFR02007-01-040	LIMIT FLAG, APR260DR, LASERMARKED, 040 (+/-020) DEG TRAVEL	506393	10	CMPv2 Laser Mark IFOV	2
MFB18021-03	BASE, ANT180L-260 GEN II, BLACK ANODIZE	488575	50	CMPv2 Laser Mark IFOV	5
EFZ01755-01-02	XSP3-20 LABEL SILVER BRUSHED PLASTIC	489565	10	CMPv2 Laser Mark IFOV	20
EFZ01755-01-02	XSP3-20 LABEL SILVER BRUSHED PLASTIC	502188	10	CMPv2 Laser Mark IFOV	20
EFZ01755-01-03	XSP3-30 LABEL SILVER BRUSHED PLASTIC	504703	10	CMPv2 Laser Mark IFOV	43
MFR00346-1	TOP COVER, ALAR-150-UT LASERMARKED	514491	10	CMPv2 Laser Mark IFOV	1
MFR00345-1	TOP COVER, ALAR-100-UT LASERMARKED	516427	10	CMPv2 Laser Mark IFOV	7
MFB03582-01	Front End Plate, PRO225LM, Black Anodize	512738	40	CMPv2 Laser Mark IFOV	27
MFF00001	Laser Marked SS Label, 55 mm x 12 mm, Logo	485612	10	CMPv2 Laser Mark IFOV	1
MFB04100-01	Laser Marked Cover, MPS75SL, Black Paint	489222	10	CMPv2 Laser Mark IFOV	4
MFF00001	Laser Marked SS Label, 55 mm x 12 mm, Logo	505751	10	CMPv2 Laser Mark IFOV	1
MFB03553-01-ES18837	CARRIAGE, PRO165LM, CUSTOM TRAVEL, BHC	508263	40	CMPv2 Laser Mark IFOV	16
MFB03637-01	CARRIAGE, PRO190LM, BLACK HARDCOAT	499020	50	CMPv2 Laser Mark IFOV	4
MFB28002	BACK END COVER, LASERTURN1 - LINEAR, LASERMARKED	500399	50	CMPv2 Laser Mark IFOV	1
MFB03637-01	CARRIAGE, PRO190LM, BLACK HARDCOAT	503800	50	CMPv2 Laser Mark IFOV	4
EFZ01755-01-02	XSP3-20 LABEL SILVER BRUSHED PLASTIC	493378	10	CMPv2 Laser Mark IFOV	20
EFZ01755-01-02	XSP3-20 LABEL SILVER BRUSHED PLASTIC	507253	10	CMPv2 Laser Mark IFOV	20
MCA00055-01	CMS Cover, PlanarDL-200XY, Gen 2, Paint & LaserMark	492491	10	CMPv2 Laser Mark IFOV	4
MFR01975-01	WORM COVER, AGR200, BLACK ANODIZED	495274	30	CMPv2 Laser Mark IFOV	2
MFB03683-01	FRONT END PLATE, PRO280LM, BLACK ANODIZE	501637	40	CMPv2 Laser Mark IFOV	18
MFB03553-01-ES18837	CARRIAGE, PRO165LM, CUSTOM TRAVEL, BHC	508269	40	CMPv2 Laser Mark IFOV	16
MFR28010	LASERMARK PLATE, ASR1300	489919	50	CMPv2 Laser Mark IFOV	1
MFB03941-02-01	Base, ATX115SL-100, K100-S, Black Anodized	495061	50	CMPv2 Laser Mark IFOV	2
MFB00119	Cover,PRO165SV Lasermarked	512715	10	CMPv2 Laser Mark IFOV	4
EFZ01755-01-03	XSP3-30 LABEL SILVER BRUSHED PLASTIC	513005	10	CMPv2 Laser Mark IFOV	20
MFB03523-01	LASER MARKED COVER PLATE, MID CARR, PLANAR DLA-330XY, BAN	494096	10	CMPv2 Laser Mark IFOV	6
MFB18001-01	Obsolete, Use MFB18021-XX (BASE, ANT180-160-L, BLACK ANODIZE)	495344	50	CMPv2 Laser Mark IFOV	2
MFB18001-03	Obsolete, Use MFB18021-XX (BASE, ANT180-260-L, BLACK ANODIZE)	503514	50	CMPv2 Laser Mark IFOV	2
MFR01582	GRADUATED SCALE, ARMS-260	515999	60	CMPv2 Laser Mark IFOV	8
EFZ01755-01-02	XSP3-20 LABEL SILVER BRUSHED PLASTIC	515253	10	CMPv2 Laser Mark IFOV	20
MFB04100-01	Laser Marked Cover, MPS75SL, Black Paint	481716	10	CMPv2 Laser Mark IFOV	4
MFF00001	Laser Marked SS Label, 55 mm x 12 mm, Logo	485608	10	CMPv2 Laser Mark IFOV	1
MFF00001	Laser Marked SS Label, 55 mm x 12 mm, Logo	490630	10	CMPv2 Laser Mark IFOV	1
MFR01878	Logo Plate, CCS130DR, Black Anodize, Lasermarked	493702	10	CMPv2 Laser Mark IFOV	4
MFB03554-01	FRONT END PLATE, PRO165LM, BLACK ANODIZE	508262	40	CMPv2 Laser Mark IFOV	50
MFB02476	END PLATE, ABL1500WB	511642	50	CMPv2 Laser Mark IFOV	4
MFR00345-1	TOP COVER, ALAR-100-UT LASERMARKED	502882	10	CMPv2 Laser Mark IFOV	1
MFR02080	Conn Brkt, ABRS, D25-2, Bulkhead Window, Black Anodize	509289	40	CMPv2 Laser Mark IFOV	7
MFB03580-01	CARRIAGE, PRO225LM, K100-S, (NEW DESIGN), BLACK HARDCOAT	490701	50	CMPv2 Laser Mark IFOV	4
EFZ01755-01-02	XSP3-20 LABEL SILVER BRUSHED PLASTIC	498939	10	CMPv2 Laser Mark IFOV	20
MFF00001	Laser Marked SS Label, 55 mm x 12 mm, Logo	488548	10	CMPv2 Laser Mark IFOV	1
MFF00001	Laser Marked SS Label, 55 mm x 12 mm, Logo	505859	10	CMPv2 Laser Mark IFOV	6
MFR00345-1	TOP COVER, ALAR-100-UT LASERMARKED	506657	10	CMPv2 Laser Mark IFOV	6
MFR01975-01	WORM COVER, AGR200, BLACK ANODIZED	487838	30	CMPv2 Laser Mark IFOV	3
MFB03637-01	CARRIAGE, PRO190LM, BLACK HARDCOAT	493162	50	CMPv2 Laser Mark IFOV	4
MFB03580-01	CARRIAGE, PRO225LM, K100-S, (NEW DESIGN), BLACK HARDCOAT	513733	50	CMPv2 Laser Mark IFOV	8
MFB03563-01	CARRIAGE, PRO165SL, K100-S, BLACK HARDCOAT	512325	55	CMPv2 Laser Mark IFOV	20
MFF00001	Laser Marked SS Label, 55 mm x 12 mm, Logo	485613	10	CMPv2 Laser Mark IFOV	1
MFF00001	Laser Marked SS Label, 55 mm x 12 mm, Logo	488545	10	CMPv2 Laser Mark IFOV	1
MFF00001	Laser Marked SS Label, 55 mm x 12 mm, Logo	488550	10	CMPv2 Laser Mark IFOV	1
MFB02476	END PLATE, ABL1500WB	490269	50	CMPv2 Laser Mark IFOV	4
MFR01895-01-01	TOP COVER, MOTOR SIDE, AGR100, BLACK HARDCOAT	498076	50	CMPv2 Laser Mark IFOV	2
EFZ01755-01-02	XSP3-20 LABEL SILVER BRUSHED PLASTIC	496992	10	CMPv2 Laser Mark IFOV	20
MFR00345-1	TOP COVER, ALAR-100-UT LASERMARKED	511392	10	CMPv2 Laser Mark IFOV	2
MFB03637-01	CARRIAGE, PRO190LM, BLACK HARDCOAT	500207	50	CMPv2 Laser Mark IFOV	4
MFB32600	Air Cylinder Bracket w/ LaserMark, Carriage, ANT130LZS	506178	50	CMPv2 Laser Mark IFOV	8
MFB03563-01	CARRIAGE, PRO165SL, K100-S, BLACK HARDCOAT	509364	55	CMPv2 Laser Mark IFOV	30
MFF00001	Laser Marked SS Label, 55 mm x 12 mm, Logo	509460	10	CMPv2 Laser Mark IFOV	5
MFB03667-01	CARRIAGE, PRO115LM, BLACK HARDCOAT	487369	50	CMPv2 Laser Mark IFOV	14
MFB04100-01	Laser Marked Cover, MPS75SL, Black Paint	512769	10	CMPv2 Laser Mark IFOV	13
MFB32727	LOGO PLATE, HEX300-230HL	496053	30	CMPv2 Laser Mark IFOV	1
MFB18021-03	BASE, ANT180L-260 GEN II, BLACK ANODIZE	501036	50	CMPv2 Laser Mark IFOV	1
MFB03580-01	CARRIAGE, PRO225LM, K100-S, (NEW DESIGN), BLACK HARDCOAT	501640	50	CMPv2 Laser Mark IFOV	4
MFB27046	FRONT COVER, BUSHING ASSY	509227	50	CMPv2 Laser Mark IFOV	3
MFF00001	Laser Marked SS Label, 55 mm x 12 mm, Logo	517547	10	CMPv2 Laser Mark IFOV	1
MFR01934	LOGO PLATE, CCS190DR, BLACK ANODIZE	511262	40	CMPv2 Laser Mark IFOV	1
MFB02476	END PLATE, ABL1500WB	496910	50	CMPv2 Laser Mark IFOV	4
MFF00001	Laser Marked SS Label, 55 mm x 12 mm, Logo	505750	10	CMPv2 Laser Mark IFOV	1
MCA00055-01	CMS Cover, PlanarDL-200XY, Gen 2, Paint & LaserMark	506276	10	CMPv2 Laser Mark IFOV	1
MFB18001-04	Obsolete, Use MFB18021-XX (BASE, ANT180-350-L, BLACK ANODIZE)	498011	50	CMPv2 Laser Mark IFOV	2
MFB32922-04-01	Base, Black Anodize w/ LaserMark, ANT130L/XY-160 (Gen-II)	502129	50	CMPv2 Laser Mark IFOV	4
MFB32771-01	LOGO PLATE, AGV10 HPO	515826	10	CMPv2 Laser Mark IFOV	16
MFB04100-01	Laser Marked Cover, MPS75SL, Black Paint	518287	10	CMPv2 Laser Mark IFOV	13
MFF00001	Laser Marked SS Label, 55 mm x 12 mm, Logo	505201	10	CMPv2 Laser Mark IFOV	1
MFB32922-01-01	Base, Black Anodize w/ Lasermark, ANT130L-035 (Gen-II)	490328	50	CMPv2 Laser Mark IFOV	2
MFB02476	END PLATE, ABL1500WB	498079	50	CMPv2 Laser Mark IFOV	4
MFB03580-01	CARRIAGE, PRO225LM, K100-S, (NEW DESIGN), BLACK HARDCOAT	503365	50	CMPv2 Laser Mark IFOV	4
MFF00001	Laser Marked SS Label, 55 mm x 12 mm, Logo	517559	10	CMPv2 Laser Mark IFOV	1
MFR01975-01	WORM COVER, AGR200, BLACK ANODIZED	511016	30	CMPv2 Laser Mark IFOV	2
EFZ01755-01-07	XSL3-10 LABEL SILVER BRUSHED PLASTIC	516154	10	CMPv2 Laser Mark IFOV	20
MFF00001	Laser Marked SS Label, 55 mm x 12 mm, Logo	485611	10	CMPv2 Laser Mark IFOV	1
MFR00130	TABLETOP, ANT95-R, BLACK HARDCOAT	501759	60	CMPv2 Laser Mark IFOV	10
MFB18001-03	Obsolete, Use MFB18021-XX (BASE, ANT180-260-L, BLACK ANODIZE)	512969	10	CMPv2 Laser Mark IFOV	4
MFF00001	Laser Marked SS Label, 55 mm x 12 mm, Logo	517553	10	CMPv2 Laser Mark IFOV	1
MFR00345-1	TOP COVER, ALAR-100-UT LASERMARKED	502903	10	CMPv2 Laser Mark IFOV	1
MFB18001-01	Obsolete, Use MFB18021-XX (BASE, ANT180-160-L, BLACK ANODIZE)	494884	50	CMPv2 Laser Mark IFOV	1
MFF00001	Laser Marked SS Label, 55 mm x 12 mm, Logo	485603	10	CMPv2 Laser Mark IFOV	1
MFF00001	Laser Marked SS Label, 55 mm x 12 mm, Logo	488552	10	CMPv2 Laser Mark IFOV	1
MFB04100-01	Laser Marked Cover, MPS75SL, Black Paint	495162	10	CMPv2 Laser Mark IFOV	4
MFE16009	Cover, Curved BLMX-262-A, ALAR325XP (Laser Marked)	505465	10	CMPv2 Laser Mark IFOV	1
MFB32922-04-01	Base, Black Anodize w/ LaserMark, ANT130L/XY-160 (Gen-II)	489463	50	CMPv2 Laser Mark IFOV	8
MFB03580-01	CARRIAGE, PRO225LM, K100-S, (NEW DESIGN), BLACK HARDCOAT	495070	50	CMPv2 Laser Mark IFOV	4
MFF00001	Laser Marked SS Label, 55 mm x 12 mm, Logo	517554	10	CMPv2 Laser Mark IFOV	1
MFB18021-03	BASE, ANT180L-260 GEN II, BLACK ANODIZE	511450	50	CMPv2 Laser Mark IFOV	2
MFR28141-01	Graduated Scale, APR100DR, Black Anodize	514486	70	CMPv2 Laser Mark IFOV	1
MFB03523-01	LASER MARKED COVER PLATE, MID CARR, PLANAR DLA-330XY, BAN	492989	10	CMPv2 Laser Mark IFOV	4
MFB03667-01	CARRIAGE, PRO115LM, BLACK HARDCOAT	498899	50	CMPv2 Laser Mark IFOV	14
MFB03580-01	CARRIAGE, PRO225LM, K100-S, (NEW DESIGN), BLACK HARDCOAT	508266	50	CMPv2 Laser Mark IFOV	4
MFB03563-01	CARRIAGE, PRO165SL, K100-S, BLACK HARDCOAT	509365	55	CMPv2 Laser Mark IFOV	20
MFF00001	Laser Marked SS Label, 55 mm x 12 mm, Logo	485607	10	CMPv2 Laser Mark IFOV	1
MFB03486	COVER, WAFERMAX Z, LEFT, LASERMARKED	499549	10	CMPv2 Laser Mark IFOV	3
MFF00001	Laser Marked SS Label, 55 mm x 12 mm, Logo	504556	10	CMPv2 Laser Mark IFOV	4
MFB32914-01	Carriage Counterbalance Bracket, Black Anodize w/ LaserMark, ANT95LZS-100 (Gen-II)	496496	50	CMPv2 Laser Mark IFOV	2
EFZ01755-01-07	XSL3-10 LABEL SILVER BRUSHED PLASTIC	508466	10	CMPv2 Laser Mark IFOV	46
MFB27046	FRONT COVER, BUSHING ASSY	512033	50	CMPv2 Laser Mark IFOV	3
MFB03637-01	CARRIAGE, PRO190LM, BLACK HARDCOAT	512756	50	CMPv2 Laser Mark IFOV	4
MFB03582-01	Front End Plate, PRO225LM, Black Anodize	500562	40	CMPv2 Laser Mark IFOV	28
MFB27091-01	FRONT/REAR END PLATE, LASERTURN5, NO TOOLING	509222	40	CMPv2 Laser Mark IFOV	3
EFZ01755-01-07	XSL3-10 LABEL SILVER BRUSHED PLASTIC	486988	10	CMPv2 Laser Mark IFOV	50
MFF00001	Laser Marked SS Label, 55 mm x 12 mm, Logo	517600	10	CMPv2 Laser Mark IFOV	3
MFR24818-21	COVER, TOP, APR200	512345	50	CMPv2 Laser Mark IFOV	6
MFB03770-01	CARRIAGE, PRO165LM, NO BELTS, BLACK HARDCOAT	513381	50	CMPv2 Laser Mark IFOV	20
MFR01973-01	WORM COVER, AGR50/75, BLACK ANODIZED	486549	30	CMPv2 Laser Mark IFOV	15
MFB27091-ES16576	End Plate, No Tooling, Laserturn5, Custom CMS	503787	40	CMPv2 Laser Mark IFOV	1
EFZ01755-01-07	XSL3-10 LABEL SILVER BRUSHED PLASTIC	496397	10	CMPv2 Laser Mark IFOV	50
MFR00348-1	TOP COVER, ALAR-250-UT LASERMARKED	510993	10	CMPv2 Laser Mark IFOV	1
MFB04100-01	Laser Marked Cover, MPS75SL, Black Paint	511361	10	CMPv2 Laser Mark IFOV	14
MFR01570	ENCODER COVER, ARMS200	515091	50	CMPv2 Laser Mark IFOV	1
MFR00345-2	TOP COVER, ALAR-100-LT LASERMARKED	486406	10	CMPv2 Laser Mark IFOV	2
MFF00001	Laser Marked SS Label, 55 mm x 12 mm, Logo	505848	10	CMPv2 Laser Mark IFOV	2
MFB03751-01	FRONT END PLATE MOD, PRO280LM-1000, ANGLED HC MTG, BAN	503155	30	CMPv2 Laser Mark IFOV	1
MFB03554-01	FRONT END PLATE, PRO165LM, BLACK ANODIZE	498337	40	CMPv2 Laser Mark IFOV	40
MFF00001	Laser Marked SS Label, 55 mm x 12 mm, Logo	517546	10	CMPv2 Laser Mark IFOV	1
MFR00345-1	TOP COVER, ALAR-100-UT LASERMARKED	498978	10	CMPv2 Laser Mark IFOV	2
EFZ01755-01-07	XSL3-10 LABEL SILVER BRUSHED PLASTIC	491893	10	CMPv2 Laser Mark IFOV	50
MFB03637-01	CARRIAGE, PRO190LM, BLACK HARDCOAT	495175	10	CMPv2 Laser Mark IFOV	3
MFF00001	Laser Marked SS Label, 55 mm x 12 mm, Logo	485602	10	CMPv2 Laser Mark IFOV	1
MFF00001	Laser Marked SS Label, 55 mm x 12 mm, Logo	488546	10	CMPv2 Laser Mark IFOV	1
MFB03279-01	TOP COVER, PLANAR DL-200XY, SS, LASERMARK	492015	30	CMPv2 Laser Mark IFOV	5
MFB03637-01	CARRIAGE, PRO190LM, BLACK HARDCOAT	490839	50	CMPv2 Laser Mark IFOV	4
MFR01895-01-01	TOP COVER, MOTOR SIDE, AGR100, BLACK HARDCOAT	509813	50	CMPv2 Laser Mark IFOV	2
MFF00001	Laser Marked SS Label, 55 mm x 12 mm, Logo	512150	10	CMPv2 Laser Mark IFOV	1
MFB00119	Cover,PRO165SV Lasermarked	514322	10	CMPv2 Laser Mark IFOV	1
MFB03580-01	CARRIAGE, PRO225LM, K100-S, (NEW DESIGN), BLACK HARDCOAT	512700	50	CMPv2 Laser Mark IFOV	8
EFZ01755-01-07	XSL3-10 LABEL SILVER BRUSHED PLASTIC	482328	10	CMPv2 Laser Mark IFOV	50
EFZ01755-01-07	XSL3-10 LABEL SILVER BRUSHED PLASTIC	506272	10	CMPv2 Laser Mark IFOV	49
MFE16009	Cover, Curved BLMX-262-A, ALAR325XP (Laser Marked)	512264	10	CMPv2 Laser Mark IFOV	1
MFB32911-01	Carriage Counterbalance Bracket, Black Anodize w/ LaserMark, ANT95LZS-025 (Gen-II)	514936	50	CMPv2 Laser Mark IFOV	2
MFB03523-01	LASER MARKED COVER PLATE, MID CARR, PLANAR DLA-330XY, BAN	504624	10	CMPv2 Laser Mark IFOV	12
MFR02005-01-186-ES19104	Limit Flag, APR200DR, Lasermarked, 186° (±093°) Deg. Travel	504892	10	CMPv2 Laser Mark IFOV	1
MFF00001	Laser Marked SS Label, 55 mm x 12 mm, Logo	510040	10	CMPv2 Laser Mark IFOV	2
MFB03941-02-01	Base, ATX115SL-100, K100-S, Black Anodized	495867	50	CMPv2 Laser Mark IFOV	2
MFB32914-01	Carriage Counterbalance Bracket, Black Anodize w/ LaserMark, ANT95LZS-100 (Gen-II)	508692	50	CMPv2 Laser Mark IFOV	7
MFF00001	Laser Marked SS Label, 55 mm x 12 mm, Logo	507058	10	CMPv2 Laser Mark IFOV	1
EFZ01755-01-07	XSL3-10 LABEL SILVER BRUSHED PLASTIC	494789	10	CMPv2 Laser Mark IFOV	50
MFR00345-2	TOP COVER, ALAR-100-LT LASERMARKED	493484	10	CMPv2 Laser Mark IFOV	1
MFB03770-01	CARRIAGE, PRO165LM, NO BELTS, BLACK HARDCOAT	497405	50	CMPv2 Laser Mark IFOV	19
MFB03563-01	CARRIAGE, PRO165SL, K100-S, BLACK HARDCOAT	506765	55	CMPv2 Laser Mark IFOV	10
EFZ01755-01-02	XSP3-20 LABEL SILVER BRUSHED PLASTIC	503231	10	CMPv2 Laser Mark IFOV	20
MFF00001	Laser Marked SS Label, 55 mm x 12 mm, Logo	485614	10	CMPv2 Laser Mark IFOV	1
MFB03550-01	LASER MARKED COVER, STAGE BULKHEAD, PLANAR DLA, PAINTED	498878	10	CMPv2 Laser Mark IFOV	4
MFF00001	Laser Marked SS Label, 55 mm x 12 mm, Logo	504555	10	CMPv2 Laser Mark IFOV	2
MFR01272	GRADUATED SCALE, ABRS250	489917	60	CMPv2 Laser Mark IFOV	3
EFZ01755-01-07	XSL3-10 LABEL SILVER BRUSHED PLASTIC	493379	10	CMPv2 Laser Mark IFOV	50
MFF00001	Laser Marked SS Label, 55 mm x 12 mm, Logo	510039	10	CMPv2 Laser Mark IFOV	2
MCA00055-01	CMS Cover, PlanarDL-200XY, Gen 2, Paint & LaserMark	510453	10	CMPv2 Laser Mark IFOV	1
MFR00132	HOUSING, ANT95R, BLACK HARDCOAT	492793	60	CMPv2 Laser Mark IFOV	8
MFR01654	END CAP, ABRT150	497191	60	CMPv2 Laser Mark IFOV	1
MFB03580-01	CARRIAGE, PRO225LM, K100-S, (NEW DESIGN), BLACK HARDCOAT	512501	50	CMPv2 Laser Mark IFOV	7
EFZ01755-01-02	XSP3-20 LABEL SILVER BRUSHED PLASTIC	513379	10	CMPv2 Laser Mark IFOV	46
MFB03550-01	LASER MARKED COVER, STAGE BULKHEAD, PLANAR DLA, PAINTED	489735	10	CMPv2 Laser Mark IFOV	5
MFF00001	Laser Marked SS Label, 55 mm x 12 mm, Logo	506474	10	CMPv2 Laser Mark IFOV	1
EFZ01755-01-02	XSP3-20 LABEL SILVER BRUSHED PLASTIC	512788	10	CMPv2 Laser Mark IFOV	20
EFZ01755-01-08	QSL3e-500 LABEL SILVER BRUSHED PLASTIC	512785	10	CMPv2 Laser Mark IFOV	32
MFF00001	Laser Marked SS Label, 55 mm x 12 mm, Logo	485616	10	CMPv2 Laser Mark IFOV	1
MFF00001	Laser Marked SS Label, 55 mm x 12 mm, Logo	488553	10	CMPv2 Laser Mark IFOV	1
MCA00055-01	CMS Cover, PlanarDL-200XY, Gen 2, Paint & LaserMark	492019	10	CMPv2 Laser Mark IFOV	1
MFF00001	Laser Marked SS Label, 55 mm x 12 mm, Logo	503329	10	CMPv2 Laser Mark IFOV	1
MFB03550-01	LASER MARKED COVER, STAGE BULKHEAD, PLANAR DLA, PAINTED	506135	10	CMPv2 Laser Mark IFOV	4
MFB02826	HOUSING COVER, CUSTOM 25 PIN CONNECTOR, PMT SERIES	496659	50	CMPv2 Laser Mark IFOV	10
EFZ01755-01-03	XSP3-30 LABEL SILVER BRUSHED PLASTIC	494065	10	CMPv2 Laser Mark IFOV	20
MFF00001	Laser Marked SS Label, 55 mm x 12 mm, Logo	485609	10	CMPv2 Laser Mark IFOV	1
MFF00001	Laser Marked SS Label, 55 mm x 12 mm, Logo	488544	10	CMPv2 Laser Mark IFOV	1
MFB03553-01-ES18837	CARRIAGE, PRO165LM, CUSTOM TRAVEL, BHC	508265	40	CMPv2 Laser Mark IFOV	16
MFF00001	Laser Marked SS Label, 55 mm x 12 mm, Logo	476493	10	CMPv2 Laser Mark IFOV	1
MFF00001	Laser Marked SS Label, 55 mm x 12 mm, Logo	488551	10	CMPv2 Laser Mark IFOV	1
MFF00001	Laser Marked SS Label, 55 mm x 12 mm, Logo	488554	10	CMPv2 Laser Mark IFOV	1
MFF00001	Laser Marked SS Label, 55 mm x 12 mm, Logo	501134	10	CMPv2 Laser Mark IFOV	1
MFB18001-03	Obsolete, Use MFB18021-XX (BASE, ANT180-260-L, BLACK ANODIZE)	492918	50	CMPv2 Laser Mark IFOV	3
MFB32922-04-01	Base, Black Anodize w/ LaserMark, ANT130L/XY-160 (Gen-II)	498358	50	CMPv2 Laser Mark IFOV	8
MFR00132	HOUSING, ANT95R, BLACK HARDCOAT	496100	60	CMPv2 Laser Mark IFOV	8
EFZ01755-01-08	QSL3e-500 LABEL SILVER BRUSHED PLASTIC	504613	10	CMPv2 Laser Mark IFOV	25
MCA00055-01	CMS Cover, PlanarDL-200XY, Gen 2, Paint & LaserMark	514037	10	CMPv2 Laser Mark IFOV	1
MFF00001	Laser Marked SS Label, 55 mm x 12 mm, Logo	488543	10	CMPv2 Laser Mark IFOV	1
MFF00001	Laser Marked SS Label, 55 mm x 12 mm, Logo	505847	10	CMPv2 Laser Mark IFOV	2
MFR00130	TABLETOP, ANT95-R, BLACK HARDCOAT	486763	20	CMPv2 Laser Mark IFOV	7
MFB03753-01	FRONT END PLATE MOD, PRO280LM-1500, ANGLED HC MTG, BAN	502744	30	CMPv2 Laser Mark IFOV	2
MFB18001-04	Obsolete, Use MFB18021-XX (BASE, ANT180-350-L, BLACK ANODIZE)	497544	50	CMPv2 Laser Mark IFOV	1
EFZ01755-01-02	XSP3-20 LABEL SILVER BRUSHED PLASTIC	492146	10	CMPv2 Laser Mark IFOV	20
MFB32922-04-01	Base, Black Anodize w/ LaserMark, ANT130L/XY-160 (Gen-II)	519452	50	CMPv2 Laser Mark IFOV	8
MCA00055-01	CMS Cover, PlanarDL-200XY, Gen 2, Paint & LaserMark	504715	10	CMPv2 Laser Mark IFOV	1
MFF00001	Laser Marked SS Label, 55 mm x 12 mm, Logo	507186	10	CMPv2 Laser Mark IFOV	1
MFB32914-01	Carriage Counterbalance Bracket, Black Anodize w/ LaserMark, ANT95LZS-100 (Gen-II)	496882	50	CMPv2 Laser Mark IFOV	4
MFF00001	Laser Marked SS Label, 55 mm x 12 mm, Logo	521979	10	CMPv2 Laser Mark IFOV	1
Legacy-AGV14	AGV14HP-BE2-W8-TAS	349495	10	CMP-Galvo Systems	2
MFB05159-08	Mirror Mount Assembly, AGV-HPO, 10mm Y Mirror, Silicon Slab, 1030nm/515nm/343nm Dielectric Coated	495942	10	CMPv2 Galvo Systems	1
MFB32899-01	Middle Carriage, Black Anodize w/ LaserMark, ANT95XY-025 (Gen-II)	482618	50	CMPv2 Laser Mark IFOV	5
MFR00155-ES19994	Housing, ABRX150, Slip Ring, 2X 25D customer connectors, Black Hardcoat	508242	60	CMPv2 Laser Mark IFOV	3
MFR02088	Logo Plate, LaserTurn160, Black Anodize, Lasermarked	491993	10	CMPv2 Laser Mark IFOV	2
AerotechPart	Laser-Marked Marketing Tags	499613	10	CMPv2 Laser Mark IFOV	1
MFB02484	SHIPPING BRKT, ABL1500WB	498064	40	CMPv2 Laser Mark IFOV	7
MFB02463	SHIPPING BRKT, ABL1500	490287	40	CMPv2 Laser Mark IFOV	12
MFB02817-01	FRONT END PLATE, PRO225LM, BLACK ANODIZED	513377	40	CMPv2 Laser Mark IFOV	13
MFB02484	SHIPPING BRKT, ABL1500WB	495892	40	CMPv2 Laser Mark IFOV	7
MFB02817-01	FRONT END PLATE, PRO225LM, BLACK ANODIZED	497352	40	CMPv2 Laser Mark IFOV	14
MFB02817-01	FRONT END PLATE, PRO225LM, BLACK ANODIZED	502568	40	CMPv2 Laser Mark IFOV	8
MFE04104	MOTOR AEROTECH 48MM GALVO	520173	10	CMP-Galvo Systems	1
MFR25106-01-ES20066	Cover, Housing, ADRS150, Larger	503040	50	CMPv2 Laser Mark IFOV	1
